[01:24:26] [INFO] [generate_figures] 
[01:24:26] [INFO] [generate_figures] ================================================================================
[01:24:26] [INFO] [generate_figures]    TEP-BH Figure Generation
[01:24:26] [INFO] [generate_figures] ================================================================================
[01:24:26] [INFO] [generate_figures] 
[01:24:26] [INFO] [generate_figures] Step ID: generate_figures
[01:24:26] [INFO] [generate_figures] Timestamp: 2026-07-29T01:24:26.602282
[01:24:26] [INFO] [generate_figures] Output directory: /Users/matthewsmawfield/www/Temporal Equivalence Principle/TEP-BH/results/figures
[01:24:26] [INFO] [generate_figures] 
[01:24:26] [PROCESS] [generate_figures] Figure 1: Two-metric causal architecture...
[01:24:27] [SUCCESS] [generate_figures]   Saved fig1_two_metric.png and fig1_two_metric.pdf
[01:24:27] [PROCESS] [generate_figures] Figure 2: Geometric vs physical radial distance...
[01:24:28] [SUCCESS] [generate_figures]   Saved fig2_radial_distance.png and fig2_radial_distance.pdf
[01:24:28] [PROCESS] [generate_figures] Figure 3: Clock projection...
[01:24:28] [SUCCESS] [generate_figures]   Saved fig3_clock_projection.png and fig3_clock_projection.pdf
[01:24:28] [PROCESS] [generate_figures] Figure 4: Curvature invariants...
[01:24:29] [SUCCESS] [generate_figures]   Saved fig4_curvature.png and fig4_curvature.pdf
[01:24:29] [PROCESS] [generate_figures] Figure 5: Physical volume and density...
[01:24:29] [SUCCESS] [generate_figures]   Saved fig5_volume_density.png and fig5_volume_density.pdf
[01:24:29] [PROCESS] [generate_figures] Figure 6: Penrose diagrams...
[01:24:30] [SUCCESS] [generate_figures]   Saved fig6_penrose.png and fig6_penrose.pdf
[01:24:30] [PROCESS] [generate_figures] Figure 7: Perturbation potentials...
[01:24:30] [SUCCESS] [generate_figures]   Saved fig7_perturbations.png and fig7_perturbations.pdf
[01:24:30] [PROCESS] [generate_figures] Figure 8: Observable shifts...
[01:24:30] [SUCCESS] [generate_figures]   Saved fig8_observable_shifts.png and fig8_observable_shifts.pdf
[01:24:30] [PROCESS] [generate_figures] Figure 9: Accretion dynamics...
[01:24:31] [SUCCESS] [generate_figures]   Saved fig9_accretion.png and fig9_accretion.pdf
[01:24:31] [PROCESS] [generate_figures] Figure 10: Observational constraints...
[01:24:32] [SUCCESS] [generate_figures]   Saved fig10_observational_constraints.png and fig10_observational_constraints.pdf
[01:24:32] [SUCCESS] [generate_figures] All 10 figures saved to results/figures
[01:24:32] [SUCCESS] [generate_figures] [FIG   ] step_42_generate_figures completed in 5.8s
