[23:09:53] [INFO] 
[23:09:53] [INFO] ================================================================================
[23:09:53] [INFO]    ======================================================================
[23:09:53] [INFO] ================================================================================
[23:09:53] [INFO] 
[23:09:53] [INFO] 
[23:09:53] [INFO] ================================================================================
[23:09:53] [INFO]    STEP 01 (INFERENCE): CONVENTIONAL GR FIT
[23:09:53] [INFO] ================================================================================
[23:09:53] [INFO] 
[23:09:53] [INFO] 
[23:09:53] [INFO] ================================================================================
[23:09:53] [INFO]    ======================================================================
[23:09:53] [INFO] ================================================================================
[23:09:53] [INFO] 
[23:09:53] [INFO] 
[23:09:53] [INFO] Fitting standard GR point-mass model to S-star data.
[23:09:53] [INFO] This recovers M_BH^GR, R0, and orbital parameters.
[23:09:53] [INFO] 
[23:09:53] [INFO] 
[23:09:53] [INFO]   Astrometry: 145 points
[23:09:53] [INFO]   Spectroscopy: 44 points
[23:09:53] [INFO] 
[23:09:53] [INFO] --- Fitting GR orbit model ---
[23:09:53] [INFO]   Parameters: M_BH, R0, a, e, i, omega, Omega, T, t_peri, x0, y0
[23:09:53] [INFO]   Method: scipy.optimize.least_squares (TRF)
[23:09:53] [INFO] 
[23:09:53] [INFO] 
[23:09:53] [INFO] ================================================================================
[23:09:53] [INFO]    --- GR fit results ---
[23:09:53] [INFO] ================================================================================
[23:09:53] [INFO] 
[23:09:53] [INFO]   M_BH (M_sun)         = 4296695.4356 ± 93549.7010
[23:09:53] [INFO]   R0 (pc)              =    8320.0002 ±    58.1350
[23:09:53] [INFO]   a (arcsec)           =       0.1280 ±     0.0013
[23:09:53] [INFO]   e                    =       0.8910 ±     0.0024
[23:09:53] [INFO]   i (deg)              =     133.6867 ±     0.4303
[23:09:53] [INFO]   omega (deg)          =      65.7327 ±     0.5653
[23:09:53] [INFO]   Omega (deg)          =     226.9806 ±     0.5548
[23:09:53] [INFO]   T (yr)               =      16.0820 ±     0.0170
[23:09:53] [INFO]   t_peri (yr)          =    2002.3376 ±     0.0049
[23:09:53] [INFO]   x0 (arcsec)          =      -0.0028 ±     0.0006
[23:09:53] [INFO]   y0 (arcsec)          =       0.0010 ±     0.0002
[23:09:53] [INFO] 
[23:09:53] [INFO]   chi^2 = 304.17
[23:09:53] [INFO]   dof = 323
[23:09:53] [INFO]   chi^2/dof = 0.9417
[23:09:53] [INFO] 
[23:09:53] [INFO]   Saved: /Users/matthewsmawfield/www/Temporal Equivalence Principle/TEP-BH/data/processed/sstar_gr_fit.json
[23:09:53] [INFO] 
[23:09:53] [INFO]   NEXT: step_45_mass_bias.py — apply the mass-bias sign equation
