[23:29:45] [INFO] 
[23:29:45] [INFO] ================================================================================
[23:29:45] [INFO]    ======================================================================
[23:29:45] [INFO] ================================================================================
[23:29:45] [INFO] 
[23:29:45] [INFO] 
[23:29:45] [INFO] ================================================================================
[23:29:45] [INFO]    Step 15: Dynamical Signatures — PN, Inspiral, Cosmology
[23:29:45] [INFO] ================================================================================
[23:29:45] [INFO] 
[23:29:45] [INFO] 
[23:29:45] [INFO] ================================================================================
[23:29:45] [INFO]    ======================================================================
[23:29:45] [INFO] ================================================================================
[23:29:45] [INFO] 
[23:29:45] [INFO] 
[23:29:45] [INFO] Post-Newtonian corrections from sGB scalar...
[23:29:45] [INFO]   Scalar charge Q_s = 0.200000
[23:29:45] [INFO]   PPN gamma = 1.000000 (GR: 1.0)
[23:29:45] [INFO]   PPN beta = 1.000000 (GR: 1.0)
[23:29:45] [INFO]   Post-Schwarzschild alpha = 1.225000e-02
[23:29:45] [INFO]   Perihelion correction: 6350.405965 arcsec/orbit
[23:29:45] [INFO]   Light deflection correction: 4.900000e-03
[23:29:45] [INFO]   Shapiro delay correction: 5.641333e-02
[23:29:45] [INFO] 
[23:29:45] [INFO] Compact binary inspiral dephasing...
[23:29:45] [INFO]   Scalar dipole radiation formula:
[23:29:45] [INFO]     delta_Psi(f) = -beta_dipole * (5/256) * (pi*M_c)^{-5/3} * f^{-7/3}
[23:29:45] [INFO]     beta_dipole = (5/48) * (Q_s1/m1 - Q_s2/m2)^2 * (mu/M)^2
[23:29:45] [INFO]     PN order: -1PN (dominates over GR quadrupole at low frequency)
[23:29:45] [INFO]   GW150914-like system (36+29 M_sun):
[23:29:45] [INFO]     eta_phys = 0.6545 km^2
[23:29:45] [INFO]     zeta1 = 5.36e-08, Q_s1/m1 = 0.024617
[23:29:45] [INFO]     beta_dipole = 3.854205e-06
[23:29:45] [INFO]     Dephasing at f_low=10Hz: -0.000140 rad
[23:29:45] [INFO]     Total dephasing (10-150 Hz): 0.000140 rad
[23:29:45] [INFO]     LIGO detectable: False
[23:29:45] [INFO] 
[23:29:45] [INFO]   LISA-like system (1e6+1e5 M_sun):
[23:29:45] [INFO]     zeta1 = 9.00e-26, Q_s1/m1 = 8.86e-07
[23:29:45] [INFO]     beta_dipole = 5.587551e-16
[23:29:45] [INFO]     Total dephasing: 0.000000 rad
[23:29:45] [INFO]     LISA detectable: False
[23:29:45] [INFO] 
[23:29:45] [INFO]   EMRI (1e6+10 M_sun):
[23:29:45] [INFO]     zeta1 = 9.00e-26, Q_s1/m1 = 8.86e-07
[23:29:45] [INFO]     beta_dipole = 8.180407e-24
[23:29:45] [INFO]     Total dephasing: 0.000000 rad
[23:29:45] [INFO]     LISA detectable: False
[23:29:45] [INFO] 
[23:29:45] [INFO] Cosmological and multi-messenger constraints...
[23:29:45] [INFO]   GW speed: c_T = 1.0 (consistent with GW170817: True)
[23:29:45] [INFO]   Delta N_eff = 0.0 (massless scalar, not thermalized)
[23:29:45] [INFO]   Cassini (solar system): DOES NOT APPLY — GB invariant negligible for Sun-like objects; PPN gamma = beta = 1
[23:29:45] [INFO]   Binary pulsar: eta < 0.03 (Applies only if NSs develop scalar hair in sGB)
[23:29:45] [INFO]   LIGO constraint: eta < 2.134844015478621
[23:29:45] [INFO]   EHT constraint: eta < 0.882003356544555
[23:29:45] [INFO]   Combined upper bound: eta < 0.882003356544555 (EHT shadow (dominant) + LIGO ringdown (binary pulsar conditional on NS scalarization))
[23:29:45] [INFO]   Current eta = 0.3 (within constraints: True)
[23:29:45] [INFO] 
[23:29:45] [INFO] Coupling scan for inspiral dephasing...
[23:29:45] [INFO]   eta=0.01: eta_phys=0.022 km^2, Q_s/m=0.0008, dephasing=1.55e-07 rad, LIGO: no
[23:29:45] [INFO]   eta=0.05: eta_phys=0.109 km^2, Q_s/m=0.0041, dephasing=3.88e-06 rad, LIGO: no
[23:29:45] [INFO]   eta=0.10: eta_phys=0.218 km^2, Q_s/m=0.0082, dephasing=1.55e-05 rad, LIGO: no
[23:29:45] [INFO]   eta=0.20: eta_phys=0.436 km^2, Q_s/m=0.0164, dephasing=6.21e-05 rad, LIGO: no
[23:29:45] [INFO]   eta=0.30: eta_phys=0.654 km^2, Q_s/m=0.0246, dephasing=1.40e-04 rad, LIGO: no
[23:29:45] [INFO] 
[23:29:45] [INFO] 
[23:29:45] [INFO] ================================================================================
[23:29:45] [INFO]    Key Finding
[23:29:45] [INFO] ================================================================================
[23:29:45] [INFO] 
[23:29:45] [INFO] 
[23:29:45] [INFO] ================================================================================
[23:29:45] [INFO]    ======================================================================
[23:29:45] [INFO] ================================================================================
[23:29:45] [INFO] 
[23:29:45] [INFO] 
[23:29:45] [INFO]   The TEP-sGB framework produces three classes of dynamical signatures:
[23:29:45] [INFO]     1. PN corrections: PPN gamma = 1.000000 (GR: 1.0)
[23:29:45] [INFO]        Perihelion precession and light deflection modified at order eta^2
[23:29:45] [INFO]     2. Inspiral dephasing: scalar dipole radiation at -1PN
[23:29:45] [INFO]        GW150914-like: 0.00 rad dephasing
[23:29:45] [INFO]        LISA EMRIs: 0.00 rad dephasing
[23:29:45] [INFO]     3. Cosmological: c_T = 1 (consistent with GW170817)
[23:29:45] [INFO]        Combined eta constraint: < 0.882003356544555
[23:29:45] [INFO]   The -1PN dipole radiation is the strongest dynamical signature,
[23:29:45] [INFO]   detectable by LISA for EMRIs and potentially by LIGO for nearby systems.
[23:29:45] [INFO] 
[23:29:45] [SUCCESS] JSON summary saved to results/step_15_dynamical_signatures.json
[23:29:45] [SUCCESS] CSV saved to results/step_15_dynamical_signatures.csv
[23:29:45] [SUCCESS] Step 15 complete.
