[23:27:48] [INFO] 
[23:27:48] [INFO] ================================================================================
[23:27:48] [INFO]    ======================================================================
[23:27:48] [INFO] ================================================================================
[23:27:48] [INFO] 
[23:27:48] [INFO] 
[23:27:48] [INFO] ================================================================================
[23:27:48] [INFO]    Step 12: Self-Gravitating Einstein-Scalar-Gauss-Bonnet Solution
[23:27:48] [INFO] ================================================================================
[23:27:48] [INFO] 
[23:27:48] [INFO] 
[23:27:48] [INFO] ================================================================================
[23:27:48] [INFO]    ======================================================================
[23:27:48] [INFO] ================================================================================
[23:27:48] [INFO] 
[23:27:48] [INFO] 
[23:27:48] [INFO]   Model parameters (SGBModel):
[23:27:48] [INFO]     eta = 0.3 (shift-symmetric GB coupling, mass-inflation branch)
[23:27:48] [INFO]     M = 1.0 (geometric mass)
[23:27:48] [INFO]     r_h = 2.0 (horizon radius, leading order)
[23:27:48] [INFO]     zeta = eta^2/M^4 = 0.090000 (dimensionless coupling)
[23:27:48] [INFO]     B0 = 1.0, n_B = 2.0, beta_A = -1.0, sigma_B = 1.5
[23:27:48] [INFO] 
[23:27:48] [INFO] Sotiriou-Zhou (2014) solution parameters:
[23:27:48] [INFO]   Coupling: f(phi) = eta * phi (shift-symmetric)
[23:27:48] [INFO]   Potential: V(phi) = 0 (massless scalar)
[23:27:48] [INFO]   Scalar: phi(r) = (2*eta/3)*(1/r + M/r^2 + 4*M^2/(3*r^3))
[23:27:48] [INFO]   Scalar charge: Q_s = 2*eta/3 (Coulomb-like 1/r falloff)
[23:27:48] [INFO]   Metric: O(beta^2) perturbative, Eqs. (56)-(63)
[23:27:48] [INFO]   beta = eta/(3*r_H^2), r_H = 2M(1 - 19.6*beta^2) (ADM-mass-fixed)
[23:27:48] [INFO] 
[23:27:48] [INFO] Running coupling scan (eta = 0.1, 0.2, 0.3, 0.5)...
[23:27:48] [INFO] 
[23:27:48] [INFO]   eta = 0.1 (zeta = 0.0100)...
[23:27:48] [INFO]     Q_s = 0.0667, alpha = 0.001361
[23:27:48] [INFO]     shadow dev = -0.045%, ISCO dev = -0.062%, QNM shift = 0.042%
[23:27:48] [INFO]     det-zero boundary: r = 0.063147 M
[23:27:48] [INFO] 
[23:27:48] [INFO]   eta = 0.2 (zeta = 0.0400)...
[23:27:48] [INFO]     Q_s = 0.1333, alpha = 0.005444
[23:27:48] [INFO]     shadow dev = -0.179%, ISCO dev = -0.247%, QNM shift = 0.171%
[23:27:48] [INFO]     det-zero boundary: r = 0.079912 M
[23:27:48] [INFO] 
[23:27:48] [INFO]   eta = 0.3 (zeta = 0.0900)...
[23:27:48] [INFO]     Q_s = 0.2000, alpha = 0.012250
[23:27:48] [INFO]     shadow dev = -0.405%, ISCO dev = -0.554%, QNM shift = 0.395%
[23:27:48] [INFO]     det-zero boundary: r = 0.091762 M
[23:27:48] [INFO] 
[23:27:48] [INFO]   eta = 0.5 (zeta = 0.2500)...
[23:27:48] [INFO]     Q_s = 0.3333, alpha = 0.034028
[23:27:48] [INFO]     shadow dev = -1.140%, ISCO dev = -1.516%, QNM shift = 1.122%
[23:27:48] [INFO]     det-zero boundary: r = 0.109316 M
[23:27:48] [INFO] 
[23:27:48] [INFO] 
[23:27:48] [INFO] ================================================================================
[23:27:48] [INFO]    Primary result (eta = 0.3):
[23:27:48] [INFO] ================================================================================
[23:27:48] [INFO] 
[23:27:48] [INFO] 
[23:27:48] [INFO]   Scalar field profile:
[23:27:48] [INFO]     phi(r_h) = 0.183333
[23:27:48] [INFO]     phi(10M) = 0.022267
[23:27:48] [INFO]     phi(100M) = 0.00202027
[23:27:48] [INFO]     Q_s = 2*eta/3 = 0.200000
[23:27:48] [INFO] 
[23:27:48] [INFO]   Metric corrections:
[23:27:48] [INFO]     delta_m(inf) = 0.166906 M
[23:27:48] [INFO]     M_eff = 1.000000 M
[23:27:48] [INFO]     alpha = 0.012250
[23:27:48] [INFO]     beta = eta/(3*r_H^2) = 0.025000
[23:27:48] [INFO] 
[23:27:48] [INFO]   Exterior observables (with percentage shifts vs Schwarzschild):
[23:27:48] [INFO]     Photon sphere: 2.976406 M (Schw: 3.0)
[23:27:48] [INFO]     Shadow radius: 5.175112 M (Schw: 5.196152)
[23:27:48] [INFO]     Shadow deviation: -0.4049%
[23:27:48] [INFO]     ISCO: 5.966774 M (Schw: 6.0)
[23:27:48] [INFO]     ISCO deviation: -0.5538%
[23:27:48] [INFO]     QNM: omega = 0.441469 + -0.205060i
[23:27:48] [INFO]     QNM (Schw): omega = 0.439732 + -0.205129i
[23:27:48] [INFO]     QNM shift: 0.3949%
[23:27:48] [INFO]     det-zero boundary: r = 0.091762 M
[23:27:48] [INFO] 
[23:27:48] [INFO] Computing observational projections...
[23:27:48] [INFO]   M87* shadow: 39.53 uas (Schw: 39.69, EHT: 42.3 +/- 1.5)
[23:27:48] [INFO]   Sgr A* shadow: 53.05 uas (Schw: 53.26, EHT: 48.7 +/- 2.3)
[23:27:48] [INFO]   GW150914 ringdown: TEP-sGB = 228.6 Hz, Schw = 227.7 Hz
[23:27:48] [INFO] 
[23:27:48] [INFO] 
[23:27:48] [INFO] ================================================================================
[23:27:48] [INFO]    Key Finding
[23:27:48] [INFO] ================================================================================
[23:27:48] [INFO] 
[23:27:48] [INFO] 
[23:27:48] [INFO] ================================================================================
[23:27:48] [INFO]    ======================================================================
[23:27:48] [INFO] ================================================================================
[23:27:48] [INFO] 
[23:27:48] [INFO] 
[23:27:48] [INFO]   The shift-symmetric sGB coupling produces a self-gravitating
[23:27:48] [INFO]   branch with EXTERIOR-OBSERVABLE deviations from Schwarzschild:
[23:27:48] [INFO]     - Scalar charge Q_s = 2*eta/3 (Coulomb-like 1/r falloff)
[23:27:48] [INFO]     - Post-Schwarzschild mass correction alpha ~ eta^2
[23:27:48] [INFO]     - Shadow, ISCO, and QNM shifts all scale as eta^2
[23:27:48] [INFO]     - The exterior is no longer identical to Schwarzschild
[23:27:48] [INFO]     - EHT shadow observations constrain eta to < ~0.3
[23:27:48] [INFO]     - The TEP matter metric is globally Lorentzian (no boundary in the interior)
[23:27:48] [INFO] 
[23:27:48] [SUCCESS] JSON summary saved to results/step_12_self_gravitating.json
[23:27:49] [SUCCESS] CSV saved to results/step_12_self_gravitating.csv
[23:27:49] [SUCCESS] Step 12 complete.
